info:  Game: butterscotch
info:  DXVK: ea6ec38f
info:  Build: x86_64 GNU 16.1.1
info:  Vulkan: Found vkGetInstanceProcAddr in libvulkan.so @ 0x7ffff6fa7e20
info:  Extension providers:
info:    Platform WSI
info:  Enabled instance extensions:
info:    VK_KHR_get_surface_capabilities2
info:    VK_KHR_surface
info:    VK_KHR_surface_maintenance1
info:    VK_KHR_wayland_surface
info:  Found device: AMD Radeon Graphics (RADV RENOIR) (radv 26.1.2)
info:  Found device: llvmpipe (LLVM 22.1.6, 256 bits) (llvmpipe 26.1.2)
info:    Skipping: Software driver
info:  Found device: llvmpipe (LLVM 22.1.6, 256 bits) (llvmpipe 26.1.2)
info:    Skipping: Software driver
info:  D3D9: VK_FORMAT_D24_UNORM_S8_UINT -> VK_FORMAT_D32_SFLOAT_S8_UINT
info:  Creating device:
info:  AMD Radeon Graphics (RADV RENOIR):
info:    Driver   : radv 26.1.2
info:  Queues:
info:    Graphics : (0, 0)
info:    Transfer : (1, 0)
info:    Sparse   : (0, 0)
info:  Memory:
info:    Heap 0: 1.35 GiB
info:    Budget: 957 MiB
info:      Type  2: HOST_VISIBLE | HOST_COHERENT
info:      Type  5: HOST_VISIBLE | HOST_COHERENT | HOST_CACHED
info:      Type  6: HOST_VISIBLE | HOST_COHERENT | HOST_CACHED
info:      Type  8: HOST_VISIBLE | HOST_COHERENT | DEVICE_COHERENT | DEVICE_UNCACHED
info:      Type 10: HOST_VISIBLE | HOST_COHERENT | HOST_CACHED | DEVICE_COHERENT | DEVICE_UNCACHED
info:    Heap 1: 2.70 GiB (DEVICE_LOCAL)
info:    Budget: 1.86 GiB
info:      Type  0: DEVICE_LOCAL
info:      Type  1: DEVICE_LOCAL
info:      Type  3: DEVICE_LOCAL | HOST_VISIBLE | HOST_COHERENT
info:      Type  4: DEVICE_LOCAL | HOST_VISIBLE | HOST_COHERENT
info:      Type  7: DEVICE_LOCAL | DEVICE_COHERENT | DEVICE_UNCACHED
info:      Type  9: DEVICE_LOCAL | HOST_VISIBLE | HOST_COHERENT | DEVICE_COHERENT | DEVICE_UNCACHED
info:  Enabled extensions:
info:    VK_EXT_attachment_feedback_loop_layout
info:    VK_EXT_conservative_rasterization
info:    VK_EXT_custom_border_color
info:    VK_EXT_depth_clip_enable
info:    VK_EXT_depth_bias_control
info:    VK_EXT_descriptor_buffer
info:    VK_EXT_dynamic_rendering_unused_attachments
info:    VK_EXT_extended_dynamic_state3
info:    VK_EXT_fragment_shader_interlock
info:    VK_EXT_graphics_pipeline_library
info:    VK_EXT_hdr_metadata
info:    VK_EXT_line_rasterization
info:    VK_EXT_memory_priority
info:    VK_EXT_multi_draw
info:    VK_EXT_non_seamless_cube_map
info:    VK_EXT_robustness2
info:    VK_EXT_sample_locations
info:    VK_EXT_shader_module_identifier
info:    VK_EXT_shader_stencil_export
info:    VK_EXT_transform_feedback
info:    VK_EXT_vertex_attribute_divisor
info:    VK_KHR_dynamic_rendering_local_read
info:    VK_KHR_load_store_op_none
info:    VK_KHR_maintenance5
info:    VK_KHR_maintenance6
info:    VK_KHR_maintenance7
info:    VK_KHR_maintenance8
info:    VK_KHR_maintenance9
info:    VK_KHR_maintenance10
info:    VK_KHR_pipeline_library
info:    VK_KHR_present_id
info:    VK_KHR_present_wait
info:    VK_KHR_shader_float_controls2
info:    VK_KHR_shader_subgroup_uniform_control_flow
info:    VK_KHR_shader_untyped_pointers
info:    VK_KHR_swapchain
info:    VK_KHR_swapchain_maintenance1
info:    VK_KHR_swapchain_mutable_format
info:  Enabled features:
info:    depthBiasClamp                 : 1
info:    depthBounds                    : 1
info:    depthClamp                     : 1
info:    drawIndirectFirstInstance      : 1
info:    dualSrcBlend                   : 1
info:    fillModeNonSolid               : 1
info:    fragmentStoresAndAtomics       : 1
info:    fullDrawIndexUint32            : 1
info:    geometryShader                 : 1
info:    imageCubeArray                 : 1
info:    independentBlend               : 1
info:    largePoints                    : 1
info:    logicOp                        : 1
info:    multiDrawIndirect              : 1
info:    multiViewport                  : 1
info:    occlusionQueryPrecise          : 1
info:    pipelineStatisticsQuery        : 1
info:    robustBufferAccess             : 1
info:    sampleRateShading              : 1
info:    samplerAnisotropy              : 1
info:    shaderClipDistance             : 1
info:    shaderCullDistance             : 1
info:    shaderFloat64                  : 1
info:    shaderImageGatherExtended      : 1
info:    shaderInt16                    : 1
info:    shaderInt64                    : 1
info:    shaderUniformBufferArrayDynamicIndexing : 1
info:    shaderSampledImageArrayDynamicIndexing : 1
info:    shaderStorageBufferArrayDynamicIndexing : 1
info:    shaderStorageImageArrayDynamicIndexing : 1
info:    sparseBinding                  : 1
info:    sparseResidencyBuffer          : 1
info:    sparseResidencyImage2D         : 1
info:    sparseResidencyImage3D         : 1
info:    sparseResidency2Samples        : 0
info:    sparseResidency4Samples        : 0
info:    sparseResidency8Samples        : 0
info:    sparseResidency16Samples       : 0
info:    sparseResidencyAliased         : 1
info:    shaderResourceResidency        : 1
info:    shaderResourceMinLod           : 1
info:    tessellationShader             : 1
info:    textureCompressionBC           : 1
info:    variableMultisampleRate        : 1
info:    vertexPipelineStoresAndAtomics : 1
info:    wideLines                      : 1
info:    shaderDrawParameters           : 1
info:    storageBuffer16BitAccess       : 1
info:    storagePushConstant16          : 1
info:    bufferDeviceAddress            : 1
info:    descriptorIndexing             : 1
info:    storageBuffer8BitAccess        : 1
info:    storagePushConstant8           : 1
info:    shaderUniformTexelBufferArrayDynamicIndexing : 1
info:    shaderStorageTexelBufferArrayDynamicIndexing : 1
info:    shaderUniformBufferArrayNonUniformIndexing : 1
info:    shaderSampledImageArrayNonUniformIndexing : 1
info:    shaderStorageBufferArrayNonUniformIndexing : 1
info:    shaderStorageImageArrayNonUniformIndexing : 1
info:    shaderUniformTexelBufferArrayNonUniformIndexing : 1
info:    shaderStorageTexelBufferArrayNonUniformIndexing : 1
info:    descriptorBindingSampledImageUpdateAfterBind : 1
info:    descriptorBindingUpdateUnusedWhilePending : 1
info:    descriptorBindingPartiallyBound : 1
info:    drawIndirectCount              : 1
info:    hostQueryReset                 : 1
info:    runtimeDescriptorArray         : 1
info:    samplerFilterMinmax            : 1
info:    samplerMirrorClampToEdge       : 1
info:    scalarBlockLayout              : 1
info:    shaderFloat16                  : 1
info:    shaderInt8                     : 1
info:    shaderOutputViewportIndex      : 1
info:    shaderOutputLayer              : 1
info:    timelineSemaphore              : 1
info:    uniformBufferStandardLayout    : 1
info:    vulkanMemoryModel              : 1
info:    inlineUniformBlock             : 1
info:    computeFullSubgroups           : 1
info:    dynamicRendering               : 1
info:    maintenance4                   : 1
info:    robustImageAccess              : 0
info:    pipelineCreationCacheControl   : 1
info:    shaderDemoteToHelperInvocation : 1
info:    shaderZeroInitializeWorkgroupMemory : 1
info:    subgroupSizeControl            : 1
info:    synchronization2               : 1
info:  VK_EXT_attachment_feedback_loop_layout:
info:    attachmentFeedbackLoopLayout   : 1
info:  VK_EXT_border_color_swizzle:
info:    borderColorSwizzle             : 0
info:    borderColorSwizzleFromImage    : 0
info:  VK_EXT_conservative_rasterization:
info:    extConservativeRasterization   : 1
info:  VK_EXT_custom_border_color:
info:    customBorderColors             : 1
info:    customBorderColorWithoutFormat : 1
info:  VK_EXT_depth_clip_enable:
info:    depthClipEnable                : 1
info:  VK_EXT_depth_bias_control:
info:    depthBiasControl               : 1
info:    leastRepresentableValueForceUnormRepresentation : 1
info:    floatRepresentation            : 1
info:    depthBiasExact                 : 1
info:  VK_EXT_descriptor_buffer:
info:    descriptorBuffer               : 1
info:  VK_EXT_descriptor_heap:
info:    descriptorHeap                 : 0
info:  VK_EXT_dynamic_rendering_unused_attachments:
info:    dynamicRenderingUnusedAttachments : 1
info:  VK_EXT_extended_dynamic_state3:
info:    extendedDynamicState3AlphaToCoverageEnable : 1
info:    extendedDynamicState3DepthClipEnable : 1
info:    extendedDynamicState3RasterizationSamples : 1
info:    extendedDynamicState3SampleMask : 1
info:    extendedDynamicState3LineRasterizationMode : 1
info:    extendedDynamicState3SampleLocationsEnable : 1
info:  VK_EXT_fragment_shader_interlock:
info:    fragmentShaderSampleInterlock  : 1
info:    fragmentShaderPixelInterlock   : 1
info:  VK_EXT_full_screen_exclusive:
info:    extFullScreenExclusive         : 0
info:  VK_EXT_graphics_pipeline_library:
info:    graphicsPipelineLibrary        : 1
info:  VK_EXT_hdr_metadata:
info:    extHdrMetadata                 : 1
info:  VK_EXT_line_rasterization:
info:    rectangularLines               : 1
info:    smoothLines                    : 1
info:  VK_EXT_memory_budget:
info:    extMemoryBudget                : 1
info:  VK_EXT_memory_priority:
info:    memoryPriority                 : 1
info:  VK_EXT_multi_draw:
info:    multiDraw                      : 1
info:  VK_EXT_non_seamless_cube_map:
info:    nonSeamlessCubeMap             : 1
info:  VK_EXT_pageable_device_local_memory:
info:    pageableDeviceLocalMemory      : 0
info:  VK_EXT_robustness2:
info:    robustBufferAccess2            : 1
info:    robustImageAccess2             : 1
info:    nullDescriptor                 : 1
info:  VK_EXT_sample_locations:
info:    extSampleLocations             : 1
info:  VK_EXT_shader_module_identifier:
info:    shaderModuleIdentifier         : 1
info:  VK_EXT_shader_stencil_export:
info:    extShaderStencilExport         : 1
info:  VK_EXT_swapchain_colorspace:
info:    extSwapchainColorSpace         : 0
info:  VK_EXT_swapchain_maintenance1:
info:    swapchainMaintenance1          : 0
info:  VK_EXT_transform_feedback:
info:    transformFeedback              : 1
info:    geometryStreams                : 1
info:  VK_EXT_vertex_attribute_divisor:
info:    vertexAttributeInstanceRateDivisor : 1
info:    vertexAttributeInstanceRateZeroDivisor : 1
info:  VK_KHR_dynamic_rendering_local_read:
info:    dynamicRenderingLocalRead      : 1
info:  VK_KHR_external_memory_win32:
info:    khrExternalMemoryWin32         : 0
info:  VK_KHR_external_semaphore_win32:
info:    khrExternalSemaphoreWin32      : 0
info:  VK_KHR_load_store_op_none:
info:    khrLoadStoreOpNone             : 1
info:  VK_KHR_maintenance5:
info:    maintenance5                   : 1
info:  VK_KHR_maintenance6:
info:    maintenance6                   : 1
info:  VK_KHR_maintenance7:
info:    maintenance7                   : 1
info:  VK_KHR_maintenance8:
info:    maintenance8                   : 1
info:  VK_KHR_maintenance9:
info:    maintenance9                   : 1
info:  VK_KHR_maintenance10:
info:    maintenance10                  : 1
info:  VK_KHR_maintenance11:
info:    maintenance11                  : 0
info:  VK_KHR_pipeline_library:
info:    khrPipelineLibrary             : 1
info:  VK_KHR_present_id:
info:    presentId                      : 1
info:  VK_KHR_present_id2:
info:    presentId2                     : 0
info:  VK_KHR_present_wait:
info:    presentWait                    : 1
info:  VK_KHR_present_wait2:
info:    presentWait2                   : 0
info:  VK_KHR_shader_float_controls2:
info:    shaderFloatControls2           : 1
info:  VK_KHR_shader_subgroup_uniform_control_flow:
info:    shaderSubgroupUniformControlFlow : 1
info:  VK_KHR_shader_untyped_pointers:
info:    shaderUntypedPointers          : 1
info:  VK_KHR_swapchain:
info:    khrSwapchain                   : 1
info:  VK_KHR_swapchain_maintenance1:
info:    swapchainMaintenance1          : 1
info:  VK_KHR_swapchain_mutable_format:
info:    khrSwapchainMutableFormat      : 1
info:  VK_KHR_unified_image_layouts:
info:    unifiedImageLayouts            : 0
info:  VK_KHR_win32_keyed_mutex:
info:    khrWin32KeyedMutex             : 0
info:  VK_NV_low_latency2:
info:    nvLowLatency2                  : 0
info:  VK_NV_raw_access_chains:
info:    shaderRawAccessChains          : 0
info:  VK_NVX_binary_import:
info:    nvxBinaryImport                : 0
info:  VK_NVX_image_view_handle:
info:    nvxImageViewHandle             : 0
info:  Descriptor sizes (set alignment: 64)
info:    Sampler              : 16
info:    Uniform buffer       : 16
info:    Storage buffer       : 16
info:    Uniform texel buffer : 16
info:    Storage texel buffer : 16
info:    Sampled image        : 64
info:    Storage image        : 32
info:    Input attachment     : 64
info:  Memory type mask for sparse resources: 0x7ad
info:  Memory type mask for buffer resources: 0x7ad, usage: 0x219ff
info:  Creating sampler descriptor heap (32 kB)
info:  Graphics pipeline libraries supported
info:  Binding model: Descriptor buffer
info:  Creating resource descriptor heap (8192 kB)
info:  D3D9DeviceEx::ResetSwapChain:
info:    Requested Presentation Parameters
info:      - Width:              0
info:      - Height:             0
info:      - Format:             D3D9Format::Unknown
info:      - Auto Depth Stencil: false
info:                  ^ Format: D3D9Format::Unknown
info:      - Windowed:           true
info:      - Swap effect:        1
